TABLE_NAME                     COLUMN_NAME                    DATA_TYPE                      DATA_LENGTH DATA_PRECISION DATA_SCALE DEFAULT_LENGTH N  COLUMN_ID CONSTRAINT_NAME                C R_CONSTRAINT_NAME              R_TABLE_NAME                   R_COLUMN_NAME                  
------------------------------ ------------------------------ ------------------------------ ----------- -------------- ---------- -------------- - ---------- ------------------------------ - ------------------------------ ------------------------------ ------------------------------ 
ANB_CONTEXT                    ID                             NUMBER                                  22              9          0                N          1                                P                                                                                              
ANB_CONTEXT                    FUNCTION_ID                    NUMBER                                  22              9          0                Y          2                                R                                BNB_FUNCTION                   ID                             
ANB_CONTEXT                    PARTY_ID                       NUMBER                                  22              9          0                N          3                                R                                CNB_PARTY                      ID                             
ANB_CONTEXT                    POSTAL_ADDRESS_ID              NUMBER                                  22              9          0                N          4                                R                                CNB_POSTAL_ADDRESS             ID                             
ANB_CONTEXT                    ROLE_TYPE                      NUMBER                                  22              9          0                Y          5                                                                                                                               
BNB_FUNCTION                   ID                             NUMBER                                  22              9          0                N          1                                P                                                                                              
BNB_FUNCTION                   NAME                           VARCHAR2                                40                                          Y          2                                                                                                                               
BNB_FUNCTION                   ABBREVIATION                   VARCHAR2                                20                                          Y          3                                                                                                                               
BNB_FUNCTION                   DESCRIPTION                    VARCHAR2                               160                                          Y          4                                                                                                                               
BNB_FUNCTION                   DISPLAY_SEQUENCE               NUMBER                                  22              4          0                Y          5                                                                                                                               
CNB_PARTY                      ID                             NUMBER                                  22              9          0                N          1                                P                                                                                              
CNB_PARTY                      PARTY_TYPE_1                   NUMBER                                  22              9          0                N          2                                                                                                                               
CNB_PARTY                      PARTY_TYPE_2                   NUMBER                                  22              9          0                N          3                                                                                                                               
CNB_PARTY                      PARTY_TYPE_3                   NUMBER                                  22              9          0                N          4                                                                                                                               
CNB_PARTY                      PARTY_TYPE_4                   NUMBER                                  22              9          0                N          5                                                                   
CNB_POSTAL_ADDRESS             ID                             NUMBER                                  22              9          0                N          1                                P                                                                                              
CNB_POSTAL_ADDRESS             COUNTY_ID                      NUMBER                                  22              9          0                Y          2                                                                                                                               
CNB_POSTAL_ADDRESS             ADDRESS_LINE1                  VARCHAR2                               160                                          Y          3                                                                                                                               
CNB_POSTAL_ADDRESS             ADDRESS_LINE2                  VARCHAR2                               160                                          Y          4                                                                                                                               
CNB_POSTAL_ADDRESS             ZIP                            VARCHAR2                                20                                          Y          5                                                                                                                               

any text from here on is ignored
ignored text
ignored text